node tools/pack-sdk.mjs

> toolgate-typescript-workspace@0.1.0 build
> tsc -p packages/sdk/tsconfig.build.json


up to date in 2s
SDK tarball consumer installed in .local/consumer
python3 tools/core-conformance.py go --sdk
{
  "passed": true,
  "checks": [
    "jev_usage_over_http",
    "prepare_no_dispatch",
    "local_dispatch",
    "durable_replay",
    "actor_isolation",
    "argument_binding",
    "revoked_authorization",
    "needs_arguments",
    "repair_without_reselection",
    "process_restart_replay",
    "two_process_claim"
  ],
  "handler_invocations": 3,
  "authorizations": 7,
  "child_outcomes": [
    {
      "ok": true
    },
    {
      "ok": true
    }
  ]
}
{
  "checks": [
    "auth required",
    "capabilities",
    "runtime cannot publish",
    "publish",
    "cross tenant catalog",
    "prepare status",
    "prepare ready",
    "prepare replay",
    "different body same key",
    "operation ownership",
    "policy revision",
    "decision",
    "decision status",
    "no extra inference",
    "decision replay new key",
    "different args after decision",
    "issued cannot cancel",
    "missing arguments",
    "missing path",
    "complete without reselection",
    "complete inference count",
    "ambiguity",
    "resolve",
    "choice binding",
    "resolve inference count",
    "empty allowlist",
    "concurrent single operation",
    "duplicates bounded",
    "raw duplicate keys"
  ],
  "count": 29,
  "jev_calls": 4,
  "fixture_only": true
}
python3 tools/core-conformance.py rust --sdk
{
  "passed": true,
  "checks": [
    "jev_usage_over_http",
    "prepare_no_dispatch",
    "local_dispatch",
    "durable_replay",
    "actor_isolation",
    "argument_binding",
    "revoked_authorization",
    "needs_arguments",
    "repair_without_reselection",
    "process_restart_replay",
    "two_process_claim"
  ],
  "handler_invocations": 3,
  "authorizations": 7,
  "child_outcomes": [
    {
      "ok": true
    },
    {
      "ok": true
    }
  ]
}
{
  "checks": [
    "auth required",
    "capabilities",
    "runtime cannot publish",
    "publish",
    "cross tenant catalog",
    "prepare status",
    "prepare ready",
    "prepare replay",
    "different body same key",
    "operation ownership",
    "policy revision",
    "decision",
    "decision status",
    "no extra inference",
    "decision replay new key",
    "different args after decision",
    "issued cannot cancel",
    "missing arguments",
    "missing path",
    "complete without reselection",
    "complete inference count",
    "ambiguity",
    "resolve",
    "choice binding",
    "resolve inference count",
    "empty allowlist",
    "concurrent single operation",
    "duplicates bounded",
    "raw duplicate keys"
  ],
  "count": 29,
  "jev_calls": 4,
  "fixture_only": true
}
