   Compiling proc-macro2 v1.0.107
   Compiling unicode-ident v1.0.26
   Compiling quote v1.0.47
   Compiling libc v0.2.189
    Checking bytes v1.12.1
   Compiling serde_core v1.0.228
    Checking itoa v1.0.18
    Checking pin-project-lite v0.2.17
    Checking cfg-if v1.0.5
    Checking smallvec v1.16.1
   Compiling autocfg v1.5.1
    Checking stable_deref_trait v1.2.1
    Checking futures-core v0.3.34
    Checking memchr v2.8.3
    Checking once_cell v1.21.4
   Compiling find-msvc-tools v0.1.13
   Compiling num-traits v0.2.19
   Compiling shlex v2.0.1
   Compiling serde v1.0.228
   Compiling dunce v1.0.5
   Compiling fs_extra v1.3.0
   Compiling pkg-config v0.3.34
   Compiling syn v2.0.119
   Compiling syn v3.0.6
    Checking futures-sink v0.3.34
   Compiling zmij v1.0.23
    Checking percent-encoding v2.3.2
    Checking typenum v1.20.1
    Checking errno v0.3.14
    Checking socket2 v0.6.5
    Checking signal-hook-registry v1.4.8
    Checking mio v1.2.3
   Compiling jobserver v0.1.35
   Compiling serde_json v1.0.149
    Checking http v1.5.0
    Checking cmov v0.5.4
   Compiling cc v1.4.7
    Checking slab v0.4.12
    Checking litemap v0.8.3
    Checking futures-task v0.3.34
    Checking writeable v0.6.4
   Compiling aws-lc-rs v1.18.1
    Checking hybrid-array v0.4.15
    Checking zeroize v1.9.0
    Checking futures-util v0.3.34
    Checking ctutils v0.4.2
    Checking http-body v1.1.0
    Checking utf8_iter v1.0.4
    Checking rand_core v0.10.1
    Checking crypto-common v0.2.2
    Checking block-buffer v0.12.1
    Checking base64 v0.22.1
   Compiling getrandom v0.4.3
   Compiling icu_properties_data v2.3.0
   Compiling cmake v0.1.58
    Checking const-oid v0.10.2
   Compiling icu_normalizer_data v2.3.0
    Checking rustls-pki-types v1.15.1
    Checking num-integer v0.1.47
    Checking futures-channel v0.3.34
    Checking digest v0.11.3
   Compiling parking_lot_core v0.9.12
    Checking tower-service v0.3.3
   Compiling httparse v1.10.1
    Checking cpufeatures v0.3.1
    Checking tracing-core v0.1.36
    Checking tinyvec v1.13.3
   Compiling zerocopy v0.8.57
   Compiling rustls v0.23.45
    Checking try-lock v0.2.5
   Compiling getrandom v0.3.4
   Compiling aws-lc-sys v0.45.0
   Compiling version_check v0.9.5
    Checking untrusted v0.9.0
    Checking scopeguard v1.2.0
    Checking unicode-normalization v0.1.25
    Checking lock_api v0.4.14
    Checking want v0.3.1
   Compiling ahash v0.8.12
    Checking chacha20 v0.10.2
    Checking num-bigint v0.4.8
    Checking sync_wrapper v1.0.2
    Checking httpdate v1.0.3
    Checking atomic-waker v1.1.2
    Checking regex-syntax v0.8.11
   Compiling ref-cast v1.0.27
    Checking tower-layer v0.3.3
    Checking unicode-properties v0.1.4
    Checking subtle v2.6.1
    Checking unicode-bidi v0.3.18
    Checking rand v0.10.3
    Checking parking_lot v0.12.5
    Checking stringprep v0.1.5
   Compiling synstructure v0.14.0
    Checking sha2 v0.11.0
    Checking num-rational v0.4.2
    Checking md-5 v0.11.0
    Checking hmac v0.13.0
    Checking num-iter v0.1.46
    Checking num-complex v0.4.6
    Checking aho-corasick v1.1.5
    Checking siphasher v1.0.3
    Checking iana-time-zone v0.1.65
    Checking ipnet v2.12.2
    Checking fallible-iterator v0.2.0
    Checking log v0.4.34
    Checking byteorder v1.5.0
    Checking phf_shared v0.13.1
   Compiling tokio-macros v2.6.1
   Compiling serde_derive v1.0.228
   Compiling tracing-attributes v0.1.31
    Checking regex-automata v0.4.18
    Checking postgres-protocol v0.6.12
   Compiling zerofrom-derive v0.1.8
   Compiling yoke-derive v0.8.3
    Checking tokio v1.50.0
   Compiling zerovec-derive v0.11.6
   Compiling displaydoc v0.2.7
    Checking tracing v0.1.44
    Checking zerofrom v0.1.8
    Checking yoke v0.8.3
   Compiling ref-cast-impl v1.0.27
    Checking num v0.4.3
    Checking http-body-util v0.1.5
    Checking zerotrie v0.2.5
    Checking zerovec v0.11.8
    Checking form_urlencoded v1.2.2
   Compiling unicode-general-category v1.1.0
   Compiling heck v0.5.0
    Checking openssl-probe v0.2.1
    Checking borrow-or-share v0.2.4
    Checking bit-vec v0.8.0
    Checking foldhash v0.2.0
    Checking allocator-api2 v0.2.21
    Checking equivalent v1.0.2
    Checking rustls-native-certs v0.8.4
    Checking tinystr v0.8.4
    Checking potential_utf v0.1.6
    Checking bit-set v0.8.0
    Checking hashbrown v0.17.1
    Checking icu_collections v2.3.0
    Checking icu_locale_core v2.3.0
   Compiling strum_macros v0.28.0
    Checking fraction v0.17.0
   Compiling async-trait v0.1.92
    Checking phf v0.13.1
    Checking whoami v2.1.3
    Checking num-cmp v0.1.0
    Checking icu_provider v2.3.1
    Checking bytecount v0.6.9
    Checking outref v0.5.2
    Checking vsimd v0.8.0
    Checking bitflags v2.13.2
    Checking chrono v0.4.44
    Checking icu_normalizer v2.3.0
    Checking icu_properties v2.3.0
    Checking fluent-uri v0.4.1
    Checking mime v0.3.17
    Checking micromap v0.3.0
    Checking axum-core v0.5.6
    Checking hyper v1.11.1
    Checking tower v0.5.3
    Checking tokio-util v0.7.19
    Checking postgres-types v0.2.14
    Checking deadpool-runtime v0.3.1
    Checking deadpool v0.13.1
    Checking referencing v0.57.0
    Checking tokio-postgres v0.7.18
    Checking idna_adapter v1.2.2
    Checking hyper-util v0.1.20
    Checking idna v1.1.0
    Checking uuid-simd v0.8.0
    Checking jsonschema-value v0.57.0
    Checking strum v0.28.0
    Checking email_address v0.2.9
    Checking url v2.5.8
    Checking fancy-regex v0.19.2
    Checking regex v1.13.1
    Checking jsonschema-regex v0.57.0
    Checking serde_path_to_error v0.1.20
    Checking matchit v0.8.4
    Checking base64 v0.23.1
    Checking tower-http v0.6.11
    Checking data-encoding v2.11.1
    Checking ryu-js v1.0.3
    Checking axum v0.8.8
    Checking uuid v1.22.0
    Checking serde_json_canonicalizer v0.3.2
    Checking hex v0.4.3
    Checking jsonschema v0.57.0
    Checking deadpool-postgres v0.14.2
    Checking rustls-webpki v0.103.15
    Checking tokio-rustls v0.26.5
    Checking rustls-platform-verifier v0.7.0
    Checking hyper-rustls v0.27.10
    Checking reqwest v0.13.5
    Checking toolgate-core v0.1.0 (<REPOSITORY>/backend-rust)
    Finished `release` profile [optimized] target(s) in 3m 44s
   Compiling bytes v1.12.1
   Compiling itoa v1.0.18
   Compiling pin-project-lite v0.2.17
   Compiling cfg-if v1.0.5
   Compiling libc v0.2.189
   Compiling serde_core v1.0.228
   Compiling smallvec v1.16.1
   Compiling zerofrom v0.1.8
   Compiling stable_deref_trait v1.2.1
   Compiling futures-core v0.3.34
   Compiling memchr v2.8.3
   Compiling yoke v0.8.3
   Compiling once_cell v1.21.4
   Compiling num-traits v0.2.19
   Compiling futures-sink v0.3.34
   Compiling zerovec v0.11.8
   Compiling typenum v1.20.1
   Compiling percent-encoding v2.3.2
   Compiling zmij v1.0.23
   Compiling tinystr v0.8.4
   Compiling http v1.5.0
   Compiling zeroize v1.9.0
   Compiling errno v0.3.14
   Compiling signal-hook-registry v1.4.8
   Compiling mio v1.2.3
   Compiling socket2 v0.6.5
   Compiling litemap v0.8.3
   Compiling hybrid-array v0.4.15
   Compiling slab v0.4.12
   Compiling cmov v0.5.4
   Compiling futures-task v0.3.34
   Compiling tokio v1.50.0
   Compiling writeable v0.6.4
   Compiling icu_locale_core v2.3.0
   Compiling ctutils v0.4.2
   Compiling crypto-common v0.2.2
   Compiling block-buffer v0.12.1
   Compiling http-body v1.1.0
   Compiling futures-util v0.3.34
   Compiling potential_utf v0.1.6
   Compiling zerotrie v0.2.5
   Compiling serde v1.0.228
   Compiling serde_json v1.0.149
   Compiling rand_core v0.10.1
   Compiling base64 v0.22.1
   Compiling const-oid v0.10.2
   Compiling utf8_iter v1.0.4
   Compiling icu_collections v2.3.0
   Compiling digest v0.11.3
   Compiling icu_provider v2.3.1
   Compiling rustls-pki-types v1.15.1
   Compiling num-integer v0.1.47
   Compiling aws-lc-sys v0.45.0
   Compiling futures-channel v0.3.34
   Compiling cpufeatures v0.3.1
   Compiling tower-service v0.3.3
   Compiling icu_normalizer_data v2.3.0
   Compiling icu_properties_data v2.3.0
   Compiling getrandom v0.4.3
   Compiling tracing-core v0.1.36
   Compiling scopeguard v1.2.0
   Compiling tinyvec v1.13.3
   Compiling try-lock v0.2.5
   Compiling untrusted v0.9.0
   Compiling want v0.3.1
   Compiling aws-lc-rs v1.18.1
   Compiling lock_api v0.4.14
   Compiling icu_properties v2.3.0
   Compiling tracing v0.1.44
   Compiling unicode-normalization v0.1.25
   Compiling icu_normalizer v2.3.0
   Compiling httparse v1.10.1
   Compiling parking_lot_core v0.9.12
   Compiling chacha20 v0.10.2
   Compiling num-bigint v0.4.8
   Compiling sync_wrapper v1.0.2
   Compiling atomic-waker v1.1.2
   Compiling unicode-properties v0.1.4
   Compiling httpdate v1.0.3
   Compiling rustls-webpki v0.103.15
   Compiling regex-syntax v0.8.11
   Compiling tower-layer v0.3.3
   Compiling unicode-bidi v0.3.18
   Compiling subtle v2.6.1
   Compiling rustls v0.23.45
   Compiling hyper v1.11.1
   Compiling num-rational v0.4.2
   Compiling stringprep v0.1.5
   Compiling idna_adapter v1.2.2
   Compiling parking_lot v0.12.5
   Compiling rand v0.10.3
   Compiling getrandom v0.3.4
   Compiling zerocopy v0.8.57
   Compiling sha2 v0.11.0
   Compiling num-iter v0.1.46
   Compiling hmac v0.13.0
   Compiling md-5 v0.11.0
   Compiling num-complex v0.4.6
   Compiling aho-corasick v1.1.5
   Compiling ipnet v2.12.2
   Compiling fallible-iterator v0.2.0
   Compiling log v0.4.34
   Compiling byteorder v1.5.0
   Compiling iana-time-zone v0.1.65
   Compiling siphasher v1.0.3
   Compiling chrono v0.4.44
   Compiling phf_shared v0.13.1
   Compiling postgres-protocol v0.6.12
   Compiling regex-automata v0.4.18
   Compiling hyper-util v0.1.20
   Compiling ahash v0.8.12
   Compiling ref-cast v1.0.27
   Compiling num v0.4.3
   Compiling idna v1.1.0
   Compiling tower v0.5.3
   Compiling http-body-util v0.1.5
   Compiling form_urlencoded v1.2.2
   Compiling openssl-probe v0.2.1
   Compiling bit-vec v0.8.0
   Compiling borrow-or-share v0.2.4
   Compiling allocator-api2 v0.2.21
   Compiling foldhash v0.2.0
   Compiling equivalent v1.0.2
   Compiling bit-set v0.8.0
   Compiling hashbrown v0.17.1
   Compiling fluent-uri v0.4.1
   Compiling url v2.5.8
   Compiling rustls-native-certs v0.8.4
   Compiling fraction v0.17.0
   Compiling postgres-types v0.2.14
   Compiling phf v0.13.1
   Compiling tokio-rustls v0.26.5
   Compiling deadpool-runtime v0.3.1
   Compiling tokio-util v0.7.19
   Compiling whoami v2.1.3
   Compiling bitflags v2.13.2
   Compiling micromap v0.3.0
   Compiling outref v0.5.2
   Compiling bytecount v0.6.9
   Compiling vsimd v0.8.0
   Compiling num-cmp v0.1.0
   Compiling mime v0.3.17
   Compiling uuid-simd v0.8.0
   Compiling jsonschema-value v0.57.0
   Compiling referencing v0.57.0
   Compiling axum-core v0.5.6
   Compiling tokio-postgres v0.7.18
   Compiling tower-http v0.6.11
   Compiling deadpool v0.13.1
   Compiling hyper-rustls v0.27.10
   Compiling rustls-platform-verifier v0.7.0
   Compiling regex v1.13.1
   Compiling fancy-regex v0.19.2
   Compiling strum v0.28.0
   Compiling unicode-general-category v1.1.0
   Compiling jsonschema-regex v0.57.0
   Compiling email_address v0.2.9
   Compiling serde_path_to_error v0.1.20
   Compiling ryu-js v1.0.3
   Compiling data-encoding v2.11.1
   Compiling matchit v0.8.4
   Compiling base64 v0.23.1
   Compiling reqwest v0.13.5
   Compiling jsonschema v0.57.0
   Compiling axum v0.8.8
   Compiling serde_json_canonicalizer v0.3.2
   Compiling deadpool-postgres v0.14.2
   Compiling uuid v1.22.0
   Compiling hex v0.4.3
   Compiling toolgate-core v0.1.0 (<REPOSITORY>/backend-rust)
    Finished `release` profile [optimized] target(s) in 4m 47s
     Running unittests src/lib.rs (target/release/deps/toolgate_core-ca5d1cbe4fd729f9)

running 1 test
test runtime::selection::usage_tests::preserves_unknown_and_accumulates_attempts ... ok

test result: ok. 1 passed; 0 failed; 0 ignored; 0 measured; 0 filtered out; finished in 0.00s

     Running unittests src/main.rs (target/release/deps/toolgate_core-d8ebc35473f882cc)

running 0 tests

test result: ok. 0 passed; 0 failed; 0 ignored; 0 measured; 0 filtered out; finished in 0.00s

     Running tests/health.rs (target/release/deps/health-edd24dbc8bd8a127)

running 2 tests
test local_configuration ... ok
test health_contract ... ok

test result: ok. 2 passed; 0 failed; 0 ignored; 0 measured; 0 filtered out; finished in 0.00s

     Running tests/runtime.rs (target/release/deps/runtime-8e04251bc2d9da27)

running 2 tests
test canonical_and_closed_choice ... ok
test rejects_duplicate_and_unsafe_json ... ok

test result: ok. 2 passed; 0 failed; 0 ignored; 0 measured; 0 filtered out; finished in 0.00s

   Doc-tests toolgate_core

running 0 tests

test result: ok. 0 passed; 0 failed; 0 ignored; 0 measured; 0 filtered out; finished in 0.00s

    Finished `release` profile [optimized] target(s) in 0.79s
