
> toolgate-typescript-workspace@0.1.0 check
> npm run format:check && npm run lint && npm run typecheck && npm test && npm run test:types && npm run pack:check && npm run check:generated


> toolgate-typescript-workspace@0.1.0 format:check
> prettier --check .

Checking formatting...
All matched files use Prettier code style!

> toolgate-typescript-workspace@0.1.0 lint
> eslint .


> toolgate-typescript-workspace@0.1.0 typecheck
> tsc --noEmit


> toolgate-typescript-workspace@0.1.0 test
> node --experimental-strip-types --test packages/sdk/test/*.test.ts

✔ validates configuration without invoking credentials or network (7.532066ms)
✔ rejects unsafe URLs without exposing embedded credentials (11.369763ms)
✔ HTTP development opt-in is restricted to literal loopback (5.237621ms)
✔ timeouts must be finite positive integral milliseconds (3.990114ms)
✔ rejects invalid JavaScript configuration at runtime (6.00515ms)
✔ wire parser preserves JSON values and escapes without coercion (10.748884ms)
✔ wire parser rejects duplicate keys before JSON.parse could erase them (2.580853ms)
✔ remote usage keeps missing headers unknown and counts even invalid response bodies (287.831893ms)
✔ registry rejects writes in the explicit read-only experiment and unsupported schemas (281.876406ms)
✔ request-bound handlers reuse the immutable catalogue without widening their allowlist (136.887461ms)
✔ negotiates generated capabilities with service headers and fixed origin (47.019514ms)
✔ rejects unsupported contract and unknown fields without coercion (30.041298ms)
✔ rejects invalid raw JSON, duplicate escaped keys, invalid UTF-8 and oversized bodies (41.314048ms)
✔ rejects wrong content type, HTTP errors and redirects without retry (8.938947ms)
✔ abort before call never resolves credentials or opens network (1.671172ms)
✔ deadline includes a stalled credential resolver (47.705887ms)
✔ abort and close cancel in-flight calls even when injected transport stalls (10.083685ms)
✔ credentials and thrown transport errors cannot escape through SDK errors (4.26693ms)
✔ actual fetch never follows a redirect carrying credentials (165.959795ms)
✔ deadline includes streamed response body and cancels its reader (24.622431ms)
ℹ tests 20
ℹ suites 0
ℹ pass 20
ℹ fail 0
ℹ cancelled 0
ℹ skipped 0
ℹ todo 0
ℹ duration_ms 3502.95592

> toolgate-typescript-workspace@0.1.0 test:types
> tsc --noEmit


> toolgate-typescript-workspace@0.1.0 pack:check
> npm run build && node scripts/pack-check.mjs


> toolgate-typescript-workspace@0.1.0 build
> tsc -p packages/sdk/tsconfig.build.json

External tarball runtime and type consumer passed: /tmp/toolgate-pack-8Qk1Wt

> toolgate-typescript-workspace@0.1.0 check:generated
> python3 ../tools/contract.py check && node scripts/generate-capabilities.mjs --check && node scripts/generate-wire.mjs --check

Contract 0.1.0 15e027fb04911d5e3fdce091e273074bdf167ca9f9a2176a959f9307d30e2185: source lock and generated schema verified
Static validation only; runtime conformance is a separate gate
